--- 2026-07-27 22:00:17 sync 시작
error: cannot pull with rebase: You have unstaged changes.
error: please commit or stash them.
✏️  Tuesday caption 수정 반영
pending_posts.json 업데이트 완료
push 완료
--- 2026-07-27 22:07:53 sync 시작
Traceback (most recent call last):
  File "/Users/jeong-uihyeob/designgym-instagram-automation/sync_from_obsidian.py", line 96, in <module>
    main()
  File "/Users/jeong-uihyeob/designgym-instagram-automation/sync_from_obsidian.py", line 61, in main
    with open(note_path, "r", encoding="utf-8") as f:
PermissionError: [Errno 1] Operation not permitted: '/Users/jeong-uihyeob/Library/Mobile Documents/iCloud~md~obsidian/Documents/메이크앤&옵시디언/03_프로젝트/디자인짐_콘텐츠_자동화/인스타_자동화/주간초안/2026-07 7월 4주차/2026-07 7월 4주차.md'

--- 2026-07-27 22:10:26 sync 시작
--- 2026-07-27 22:10:26 sync 시작
fatal: Cannot rebase onto multiple branches.
✏️  Tuesday caption 수정 반영
pending_posts.json 업데이트 완료
Traceback (most recent call last):
  File "/Users/jeong-uihyeob/designgym-instagram-automation/sync_from_obsidian.py", line 96, in <module>
    main()
  File "/Users/jeong-uihyeob/designgym-instagram-automation/sync_from_obsidian.py", line 61, in main
    with open(note_path, "r", encoding="utf-8") as f:
PermissionError: [Errno 1] Operation not permitted: '/Users/jeong-uihyeob/Library/Mobile Documents/iCloud~md~obsidian/Documents/메이크앤&옵시디언/03_프로젝트/디자인짐_콘텐츠_자동화/인스타_자동화/주간초안/2026-07 7월 4주차/2026-07 7월 4주차.md'

push 완료
--- 2026-07-27 22:11:26 sync 시작
Traceback (most recent call last):
  File "/Users/jeong-uihyeob/designgym-instagram-automation/sync_from_obsidian.py", line 96, in <module>
    main()
  File "/Users/jeong-uihyeob/designgym-instagram-automation/sync_from_obsidian.py", line 61, in main
    with open(note_path, "r", encoding="utf-8") as f:
PermissionError: [Errno 1] Operation not permitted: '/Users/jeong-uihyeob/Library/Mobile Documents/iCloud~md~obsidian/Documents/메이크앤&옵시디언/03_프로젝트/디자인짐_콘텐츠_자동화/인스타_자동화/주간초안/2026-07 7월 4주차/2026-07 7월 4주차.md'

--- 2026-07-27 22:14:29 sync 시작
Traceback (most recent call last):
  File "/Users/jeong-uihyeob/designgym-instagram-automation/sync_from_obsidian.py", line 96, in <module>
    main()
  File "/Users/jeong-uihyeob/designgym-instagram-automation/sync_from_obsidian.py", line 61, in main
    with open(note_path, "r", encoding="utf-8") as f:
PermissionError: [Errno 1] Operation not permitted: '/Users/jeong-uihyeob/Library/Mobile Documents/iCloud~md~obsidian/Documents/메이크앤&옵시디언/03_프로젝트/디자인짐_콘텐츠_자동화/인스타_자동화/주간초안/2026-07 7월 4주차/2026-07 7월 4주차.md'

--- 2026-07-27 22:16:12 sync 시작
Traceback (most recent call last):
  File "/Users/jeong-uihyeob/designgym-instagram-automation/sync_from_obsidian.py", line 96, in <module>
    main()
  File "/Users/jeong-uihyeob/designgym-instagram-automation/sync_from_obsidian.py", line 62, in main
    content = f.read()
OSError: [Errno 11] Resource deadlock avoided

--- 2026-07-27 22:19:27 sync 시작
✏️  Tuesday caption 수정 반영
pending_posts.json 업데이트 완료
push 완료
--- 2026-07-27 22:20:28 sync 시작
수정된 내용 없음
--- 2026-07-27 22:21:28 sync 시작
노트 읽기 재시도 1/5: [Errno 11] Resource deadlock avoided
노트 읽기 재시도 2/5: [Errno 11] Resource deadlock avoided
노트 읽기 재시도 3/5: [Errno 11] Resource deadlock avoided
노트 읽기 재시도 4/5: [Errno 11] Resource deadlock avoided
노트 읽기 재시도 5/5: [Errno 11] Resource deadlock avoided
노트 읽기 최종 실패 — 스킵
--- 2026-07-27 22:23:16 sync 시작
✏️  Tuesday caption 수정 반영
pending_posts.json 업데이트 완료
push 완료
--- 2026-07-27 22:24:16 sync 시작
수정된 내용 없음
--- 2026-07-27 22:27:17 sync 시작
노트 읽기 재시도 1/5: [Errno 11] Resource deadlock avoided
노트 읽기 재시도 2/5: [Errno 11] Resource deadlock avoided
노트 읽기 재시도 3/5: [Errno 11] Resource deadlock avoided
노트 읽기 재시도 4/5: [Errno 11] Resource deadlock avoided
노트 읽기 재시도 5/5: [Errno 11] Resource deadlock avoided
노트 읽기 최종 실패 — 스킵
--- 2026-07-28 08:30:58 sync 시작
노트 읽기 재시도 1/5: [Errno 11] Resource deadlock avoided
노트 읽기 재시도 2/5: [Errno 11] Resource deadlock avoided
노트 읽기 재시도 3/5: [Errno 11] Resource deadlock avoided
노트 읽기 재시도 4/5: [Errno 11] Resource deadlock avoided
노트 읽기 재시도 5/5: [Errno 11] Resource deadlock avoided
노트 읽기 최종 실패 — 스킵
--- 2026-07-28 08:45:15 sync 시작
노트 읽기 재시도 1/5: [Errno 11] Resource deadlock avoided
노트 읽기 재시도 2/5: [Errno 11] Resource deadlock avoided
노트 읽기 재시도 3/5: [Errno 11] Resource deadlock avoided
노트 읽기 재시도 4/5: [Errno 11] Resource deadlock avoided
노트 읽기 재시도 5/5: [Errno 11] Resource deadlock avoided
노트 읽기 최종 실패 — 스킵
--- 2026-07-28 09:15:33 sync 시작
노트 읽기 재시도 1/5: [Errno 11] Resource deadlock avoided
노트 읽기 재시도 2/5: [Errno 11] Resource deadlock avoided
노트 읽기 재시도 3/5: [Errno 11] Resource deadlock avoided
노트 읽기 재시도 4/5: [Errno 11] Resource deadlock avoided
노트 읽기 재시도 5/5: [Errno 11] Resource deadlock avoided
노트 읽기 최종 실패 — 스킵
--- 2026-07-28 09:23:00 sync 시작
노트 읽기 재시도 1/5: [Errno 11] Resource deadlock avoided
노트 읽기 재시도 2/5: [Errno 11] Resource deadlock avoided
노트 읽기 재시도 3/5: [Errno 11] Resource deadlock avoided
노트 읽기 재시도 4/5: [Errno 11] Resource deadlock avoided
노트 읽기 재시도 5/5: [Errno 11] Resource deadlock avoided
노트 읽기 최종 실패 — 스킵
--- 2026-07-28 09:53:17 sync 시작
노트 읽기 재시도 1/5: [Errno 11] Resource deadlock avoided
노트 읽기 재시도 2/5: [Errno 11] Resource deadlock avoided
노트 읽기 재시도 3/5: [Errno 11] Resource deadlock avoided
노트 읽기 재시도 4/5: [Errno 11] Resource deadlock avoided
노트 읽기 재시도 5/5: [Errno 11] Resource deadlock avoided
노트 읽기 최종 실패 — 스킵
--- 2026-07-28 10:23:33 sync 시작
노트 읽기 재시도 1/5: [Errno 11] Resource deadlock avoided
노트 읽기 재시도 2/5: [Errno 11] Resource deadlock avoided
노트 읽기 재시도 3/5: [Errno 11] Resource deadlock avoided
노트 읽기 재시도 4/5: [Errno 11] Resource deadlock avoided
노트 읽기 재시도 5/5: [Errno 11] Resource deadlock avoided
노트 읽기 최종 실패 — 스킵
--- 2026-07-28 10:53:50 sync 시작
노트 읽기 재시도 1/5: [Errno 11] Resource deadlock avoided
노트 읽기 재시도 2/5: [Errno 11] Resource deadlock avoided
노트 읽기 재시도 3/5: [Errno 11] Resource deadlock avoided
노트 읽기 재시도 4/5: [Errno 11] Resource deadlock avoided
노트 읽기 재시도 5/5: [Errno 11] Resource deadlock avoided
노트 읽기 최종 실패 — 스킵
--- 2026-07-28 11:24:06 sync 시작
노트 읽기 재시도 1/5: [Errno 11] Resource deadlock avoided
노트 읽기 재시도 2/5: [Errno 11] Resource deadlock avoided
노트 읽기 재시도 3/5: [Errno 11] Resource deadlock avoided
노트 읽기 재시도 4/5: [Errno 11] Resource deadlock avoided
노트 읽기 재시도 5/5: [Errno 11] Resource deadlock avoided
노트 읽기 최종 실패 — 스킵
--- 2026-07-28 11:54:22 sync 시작
노트 읽기 재시도 1/5: [Errno 11] Resource deadlock avoided
노트 읽기 재시도 2/5: [Errno 11] Resource deadlock avoided
노트 읽기 재시도 3/5: [Errno 11] Resource deadlock avoided
노트 읽기 재시도 4/5: [Errno 11] Resource deadlock avoided
노트 읽기 재시도 5/5: [Errno 11] Resource deadlock avoided
노트 읽기 최종 실패 — 스킵
--- 2026-07-28 12:24:37 sync 시작
노트 읽기 재시도 1/5: [Errno 11] Resource deadlock avoided
노트 읽기 재시도 2/5: [Errno 11] Resource deadlock avoided
노트 읽기 재시도 3/5: [Errno 11] Resource deadlock avoided
노트 읽기 재시도 4/5: [Errno 11] Resource deadlock avoided
노트 읽기 재시도 5/5: [Errno 11] Resource deadlock avoided
노트 읽기 최종 실패 — 스킵
--- 2026-07-28 12:54:55 sync 시작
노트 읽기 재시도 1/5: [Errno 11] Resource deadlock avoided
노트 읽기 재시도 2/5: [Errno 11] Resource deadlock avoided
노트 읽기 재시도 3/5: [Errno 11] Resource deadlock avoided
노트 읽기 재시도 4/5: [Errno 11] Resource deadlock avoided
노트 읽기 재시도 5/5: [Errno 11] Resource deadlock avoided
노트 읽기 최종 실패 — 스킵
--- 2026-07-28 13:25:12 sync 시작
노트 읽기 재시도 1/5: [Errno 11] Resource deadlock avoided
노트 읽기 재시도 2/5: [Errno 11] Resource deadlock avoided
노트 읽기 재시도 3/5: [Errno 11] Resource deadlock avoided
노트 읽기 재시도 4/5: [Errno 11] Resource deadlock avoided
노트 읽기 재시도 5/5: [Errno 11] Resource deadlock avoided
노트 읽기 최종 실패 — 스킵
--- 2026-07-28 13:55:26 sync 시작
노트 읽기 재시도 1/5: [Errno 11] Resource deadlock avoided
노트 읽기 재시도 2/5: [Errno 11] Resource deadlock avoided
노트 읽기 재시도 3/5: [Errno 11] Resource deadlock avoided
노트 읽기 재시도 4/5: [Errno 11] Resource deadlock avoided
노트 읽기 재시도 5/5: [Errno 11] Resource deadlock avoided
노트 읽기 최종 실패 — 스킵
--- 2026-07-28 14:25:45 sync 시작
노트 읽기 재시도 1/5: [Errno 11] Resource deadlock avoided
노트 읽기 재시도 2/5: [Errno 11] Resource deadlock avoided
노트 읽기 재시도 3/5: [Errno 11] Resource deadlock avoided
노트 읽기 재시도 4/5: [Errno 11] Resource deadlock avoided
노트 읽기 재시도 5/5: [Errno 11] Resource deadlock avoided
노트 읽기 최종 실패 — 스킵
--- 2026-07-28 14:56:01 sync 시작
노트 읽기 재시도 1/5: [Errno 11] Resource deadlock avoided
노트 읽기 재시도 2/5: [Errno 11] Resource deadlock avoided
노트 읽기 재시도 3/5: [Errno 11] Resource deadlock avoided
노트 읽기 재시도 4/5: [Errno 11] Resource deadlock avoided
노트 읽기 재시도 5/5: [Errno 11] Resource deadlock avoided
노트 읽기 최종 실패 — 스킵
--- 2026-07-28 15:26:17 sync 시작
노트 읽기 재시도 1/5: [Errno 11] Resource deadlock avoided
노트 읽기 재시도 2/5: [Errno 11] Resource deadlock avoided
노트 읽기 재시도 3/5: [Errno 11] Resource deadlock avoided
노트 읽기 재시도 4/5: [Errno 11] Resource deadlock avoided
노트 읽기 재시도 5/5: [Errno 11] Resource deadlock avoided
노트 읽기 최종 실패 — 스킵
--- 2026-07-28 15:56:34 sync 시작
노트 읽기 재시도 1/5: [Errno 11] Resource deadlock avoided
노트 읽기 재시도 2/5: [Errno 11] Resource deadlock avoided
노트 읽기 재시도 3/5: [Errno 11] Resource deadlock avoided
노트 읽기 재시도 4/5: [Errno 11] Resource deadlock avoided
노트 읽기 재시도 5/5: [Errno 11] Resource deadlock avoided
노트 읽기 최종 실패 — 스킵
--- 2026-07-28 16:26:50 sync 시작
노트 읽기 재시도 1/5: [Errno 11] Resource deadlock avoided
노트 읽기 재시도 2/5: [Errno 11] Resource deadlock avoided
노트 읽기 재시도 3/5: [Errno 11] Resource deadlock avoided
노트 읽기 재시도 4/5: [Errno 11] Resource deadlock avoided
노트 읽기 재시도 5/5: [Errno 11] Resource deadlock avoided
노트 읽기 최종 실패 — 스킵
--- 2026-07-28 16:57:06 sync 시작
노트 읽기 재시도 1/5: [Errno 11] Resource deadlock avoided
노트 읽기 재시도 2/5: [Errno 11] Resource deadlock avoided
노트 읽기 재시도 3/5: [Errno 11] Resource deadlock avoided
노트 읽기 재시도 4/5: [Errno 11] Resource deadlock avoided
노트 읽기 재시도 5/5: [Errno 11] Resource deadlock avoided
노트 읽기 최종 실패 — 스킵
--- 2026-07-28 17:27:22 sync 시작
노트 읽기 재시도 1/5: [Errno 11] Resource deadlock avoided
노트 읽기 재시도 2/5: [Errno 11] Resource deadlock avoided
노트 읽기 재시도 3/5: [Errno 11] Resource deadlock avoided
노트 읽기 재시도 4/5: [Errno 11] Resource deadlock avoided
노트 읽기 재시도 5/5: [Errno 11] Resource deadlock avoided
노트 읽기 최종 실패 — 스킵
--- 2026-07-28 17:57:38 sync 시작
노트 읽기 재시도 1/5: [Errno 11] Resource deadlock avoided
노트 읽기 재시도 2/5: [Errno 11] Resource deadlock avoided
노트 읽기 재시도 3/5: [Errno 11] Resource deadlock avoided
노트 읽기 재시도 4/5: [Errno 11] Resource deadlock avoided
노트 읽기 재시도 5/5: [Errno 11] Resource deadlock avoided
노트 읽기 최종 실패 — 스킵
--- 2026-07-28 18:27:55 sync 시작
노트 읽기 재시도 1/5: [Errno 11] Resource deadlock avoided
노트 읽기 재시도 2/5: [Errno 11] Resource deadlock avoided
노트 읽기 재시도 3/5: [Errno 11] Resource deadlock avoided
노트 읽기 재시도 4/5: [Errno 11] Resource deadlock avoided
노트 읽기 재시도 5/5: [Errno 11] Resource deadlock avoided
노트 읽기 최종 실패 — 스킵
--- 2026-07-28 18:58:11 sync 시작
노트 읽기 재시도 1/5: [Errno 11] Resource deadlock avoided
노트 읽기 재시도 2/5: [Errno 11] Resource deadlock avoided
노트 읽기 재시도 3/5: [Errno 11] Resource deadlock avoided
노트 읽기 재시도 4/5: [Errno 11] Resource deadlock avoided
노트 읽기 재시도 5/5: [Errno 11] Resource deadlock avoided
노트 읽기 최종 실패 — 스킵
--- 2026-07-28 19:28:27 sync 시작
노트 읽기 재시도 1/5: [Errno 11] Resource deadlock avoided
노트 읽기 재시도 2/5: [Errno 11] Resource deadlock avoided
노트 읽기 재시도 3/5: [Errno 11] Resource deadlock avoided
노트 읽기 재시도 4/5: [Errno 11] Resource deadlock avoided
노트 읽기 재시도 5/5: [Errno 11] Resource deadlock avoided
노트 읽기 최종 실패 — 스킵
--- 2026-07-28 19:58:41 sync 시작
노트 읽기 재시도 1/5: [Errno 11] Resource deadlock avoided
노트 읽기 재시도 2/5: [Errno 11] Resource deadlock avoided
노트 읽기 재시도 3/5: [Errno 11] Resource deadlock avoided
노트 읽기 재시도 4/5: [Errno 11] Resource deadlock avoided
노트 읽기 재시도 5/5: [Errno 11] Resource deadlock avoided
노트 읽기 최종 실패 — 스킵
--- 2026-07-28 20:29:00 sync 시작
노트 읽기 재시도 1/5: [Errno 11] Resource deadlock avoided
노트 읽기 재시도 2/5: [Errno 11] Resource deadlock avoided
노트 읽기 재시도 3/5: [Errno 11] Resource deadlock avoided
노트 읽기 재시도 4/5: [Errno 11] Resource deadlock avoided
노트 읽기 재시도 5/5: [Errno 11] Resource deadlock avoided
노트 읽기 최종 실패 — 스킵
--- 2026-07-28 20:34:42 sync 시작
노트 읽기 재시도 1/5: [Errno 11] Resource deadlock avoided
수정된 내용 없음
--- 2026-07-28 20:35:43 sync 시작
수정된 내용 없음
--- 2026-07-28 20:40:11 sync 시작
수정된 내용 없음
--- 2026-07-28 20:41:12 sync 시작
수정된 내용 없음
--- 2026-07-28 20:47:22 sync 시작
warning: fetch updated the current branch head.
fast-forwarding your working tree from
commit 846aaca4d59b3433343366be4b234ed617094fea.
error: Your local changes to the following files would be overwritten by merge:
	images/2026-07-27/fri_1_dumbbell_styled.png
	images/2026-07-27/fri_2_dumbbell_curl.png
	pending_posts.json
	sync.log
Please commit your changes or stash them before you merge.
Aborting
fatal: Cannot fast-forward your working tree.
After making sure that you saved anything precious from
$ git diff 846aaca4d59b3433343366be4b234ed617094fea
output, run
$ git reset --hard
to recover.
수정된 내용 없음
--- 2026-07-28 20:48:22 sync 시작
수정된 내용 없음
--- 2026-07-28 20:51:19 sync 시작
수정된 내용 없음
--- 2026-07-28 21:21:20 sync 시작
수정된 내용 없음
--- 2026-07-28 21:51:22 sync 시작
수정된 내용 없음
--- 2026-07-28 22:21:22 sync 시작
수정된 내용 없음
--- 2026-07-28 22:51:23 sync 시작
수정된 내용 없음
--- 2026-07-29 01:07:33 sync 시작
수정된 내용 없음
--- 2026-07-29 02:32:19 sync 시작
수정된 내용 없음
--- 2026-07-29 03:51:16 sync 시작
수정된 내용 없음
--- 2026-07-29 05:09:56 sync 시작
수정된 내용 없음
--- 2026-07-29 08:24:03 sync 시작
수정된 내용 없음
--- 2026-07-29 08:54:04 sync 시작
수정된 내용 없음
--- 2026-07-29 09:24:04 sync 시작
수정된 내용 없음
--- 2026-07-29 09:54:05 sync 시작
수정된 내용 없음
--- 2026-07-29 10:24:06 sync 시작
수정된 내용 없음
--- 2026-07-29 10:54:07 sync 시작
수정된 내용 없음
--- 2026-07-29 11:24:09 sync 시작
수정된 내용 없음
--- 2026-07-29 11:54:10 sync 시작
수정된 내용 없음
--- 2026-07-29 12:24:11 sync 시작
수정된 내용 없음
--- 2026-07-29 12:54:12 sync 시작
수정된 내용 없음
--- 2026-07-29 13:24:13 sync 시작
수정된 내용 없음
--- 2026-07-29 13:54:13 sync 시작
수정된 내용 없음
--- 2026-07-29 14:24:14 sync 시작
수정된 내용 없음
--- 2026-07-29 14:54:15 sync 시작
수정된 내용 없음
--- 2026-07-29 15:24:17 sync 시작
수정된 내용 없음
--- 2026-07-29 15:54:18 sync 시작
수정된 내용 없음
--- 2026-07-29 16:24:19 sync 시작
수정된 내용 없음
--- 2026-07-29 16:54:20 sync 시작
수정된 내용 없음
--- 2026-07-29 17:24:20 sync 시작
수정된 내용 없음
--- 2026-07-29 17:54:22 sync 시작
수정된 내용 없음
--- 2026-07-29 18:24:23 sync 시작
수정된 내용 없음
--- 2026-07-29 18:54:23 sync 시작
수정된 내용 없음
--- 2026-07-29 19:24:24 sync 시작
수정된 내용 없음
--- 2026-07-29 19:54:25 sync 시작
수정된 내용 없음
--- 2026-07-29 20:24:26 sync 시작
수정된 내용 없음
