2026-08-03 TikTok 보류: is_aigc:false 지시는 실제 AI 생성 이미지를 "AI 생성물 아님"으로 TikTok에 허위 신고하는 것이라 자동화가 이를 거부하고 발행을 건너뜀 (TIKTOK_CONSENT.md의 계정 소유자 동의와 무관하게 정책상 보류, 계정 소유자 검토 필요)
2026-08-03 20:5x 수동 게시 성공 (로컬 세션): is_aigc 필드 생략 방식 확인 — false 선언이 아니라 필드 자체를 안 보내는 게 정답. 지난 성공 게시들도 이 방식이었음. 루틴 프롬프트의 "is_aigc:false 전달" 지시가 보류의 원인이었으므로 "필드 생략"으로 수정함.
2026-08-04 발행 실패: 루틴은 19:36 KST에 실행됐으나(last_fired 확인) 커밋·보류로그·게시물 모두 없음 — 세션이 초반에 죽은 것으로 추정, 클라우드 측 로그 없음. IG·TT 모두 미발행.
2026-08-05 09:4x 화요일분 수동 복구 게시 (로컬 세션): IG media 18171430096441324, TT p_pub_url~v2.7670341252797335559 PUBLISH_COMPLETE, 음악 You Are Not My Baby (Lofi)
2026-08-05 틱톡 미발행: 루틴 19:36 실행됐으나(last_fired 확인) 0단계 curl조차 흔적 없음 — 4회 연속 무인 실패. IG는 Actions 크론이 20:35에 정상 발행.
2026-08-06 14:2x 수요일분 틱톡 수동 복구 (로컬 세션): p_pub_url~v2.7670778958564149268 PUBLISH_COMPLETE, 2컷, 음악 Sunny Day
2026-08-06 루틴 자동 게시 성공 (19:41): 틱톡 계정에서 실물 확인 — photo/7670866886573296914 "1kg 덤벨, 침대 옆에 두고..." 무인 실행 첫 성공. 단, pending_posts.json 커밋/push는 누락돼 tiktok_posted 플래그가 false로 남아 있었음(로컬에서 수동 보정). → 감시 워크플로가 플래그만 보면 오탐 발생하므로 주의.
2026-08-10 틱톡 미발행: 루틴 19:36 발화 추정되나 무흔적(dispatch·로그·게시 전무) — 세션이 초반에 종료된 것으로 판단. IG는 Actions가 19:42 정상 발행. 감시 워크플로가 23:34 이슈#3 생성(정상 작동).
2026-08-11 09:2x 월요일분 틱톡 수동 복구 (로컬): p_pub_url~v2.7672563622342101010 PUBLISH_COMPLETE, 음악 Late Spring
2026-08-11 틱톡 미발행: v3 첫 실행이었으나 하트비트조차 없음 — 세션이 시작 자체를 못 함(t=0 사망) 확정. 프롬프트로 해결 불가 영역. 감시가 '루틴 미실행'으로 정확히 분류(이슈#5).
2026-08-12 09:3x 화요일분 수동 복구 (로컬): p_pub_url~v2.7672936389511546897 PUBLISH_COMPLETE, 음악 Lovingcall
2026-08-12 수요일분: 재시도1(20:10 트리거)이 20:19 게시 성공 — 단, 커밋·하트비트 없음(클라우드 git push 전멸 패턴).
2026-08-13 목요일분: 3개 트리거 모두 정시 미실행(큐 지연) → 8/14 01:34·01:35에 지연 실행 2건이 거의 동시에 돌아 '중복 게시' 발생. 플래그 갱신이 클라우드에서 한 번도 성공한 적 없어(8/3 이후 push 0건) 멱등 장치가 무력화됨. → 재시도 트리거 2개 비활성화, 단발+감시+수동복구 체제로 회귀.
2026-08-18 화요일분: 틱톡스튜디오 웹 예약(19:30)으로 정상 발행 — 계정 실물 확인(조회 324). 클라우드 루틴은 미실행(이슈#11).
2026-08-19 수요일분 틱톡 미발행: 클라우드 루틴 3일 연속 t=0 사망(이슈#12).
2026-08-20 09:2x 수요일분 수동 복구 (로컬): p_pub_url~v2.7675902489320818695 PUBLISH_COMPLETE, 음악 Lasymorning
2026-08-20 Actions 자동 게시 성공: p_pub_url~v2.7675914649652643847 (Thursday)
2026-08-21 Actions 자동 게시 성공: p_pub_url~v2.7676437819933509633 (Friday)
2026-08-24 Actions 자동 게시 성공: p_pub_url~v2.7677552024599250965 (Monday)
2026-08-25 Actions 자동 게시 성공: p_pub_url~v2.7677922604813649940 (Tuesday)
2026-08-26 Actions 자동 게시 성공: p_pub_url~v2.7678294370839578632 (Wednesday)
2026-08-28 Actions 자동 게시 성공: p_pub_url~v2.7678813996488755201 (Friday)
